Cache Configuration: 16 MB, 2 skews, 16 ways (8 ways/skew)
AVG-BALLS-PER-BUCKET:8, BUCKET-SPILL-THRESHOLD:14 
Simulation Parameters - BALL_THROWS:1000000, SEED:1

Starting --  (Dot printed every 100M Ball throws) 
.......... 1Bn


Bucket-Occupancy Snapshot at End of Experiment

Occupancy: 		 Count
Bucket[ 0 Fill]: 	 0 	 (0.00)
Bucket[ 1 Fill]: 	 0 	 (0.00)
Bucket[ 2 Fill]: 	 18 	 (0.05)
Bucket[ 3 Fill]: 	 82 	 (0.25)
Bucket[ 4 Fill]: 	 359 	 (1.10)
Bucket[ 5 Fill]: 	 1082 	 (3.30)
Bucket[ 6 Fill]: 	 2881 	 (8.79)
Bucket[ 7 Fill]: 	 6210 	 (18.95)
Bucket[ 8 Fill]: 	 9327 	 (28.46)
Bucket[ 9 Fill]: 	 8793 	 (26.83)
Bucket[10 Fill]: 	 3673 	 (11.21)
Bucket[11 Fill]: 	 339 	 (1.03)
Bucket[12 Fill]: 	 4 	 (0.01)
Bucket[13 Fill]: 	 0 	 (0.00)
Bucket[14 Fill]: 	 0 	 (0.00)
Bucket[15 Fill]: 	 0 	 (0.00)
Bucket[16 Fill]: 	 0 	 (0.00)


Distribution of Bucket-Occupancy (Averaged across Ball Throws) => Used for P(Bucket = k balls) calculation 

Occupancy: 		            Count 	 P(Bucket=k balls)
Bucket[ 0 Fill]: 	                8 	 (0.000)
Bucket[ 1 Fill]: 	              103 	 (0.005)
Bucket[ 2 Fill]: 	              933 	 (0.047)
Bucket[ 3 Fill]: 	             5040 	 (0.252)
Bucket[ 4 Fill]: 	            20468 	 (1.023)
Bucket[ 5 Fill]: 	            66369 	 (3.318)
Bucket[ 6 Fill]: 	           177258 	 (8.863)
Bucket[ 7 Fill]: 	           371977 	 (18.599)
Bucket[ 8 Fill]: 	           578078 	 (28.904)
Bucket[ 9 Fill]: 	           544809 	 (27.240)
Bucket[10 Fill]: 	           215098 	 (10.755)
Bucket[11 Fill]: 	            19722 	 (0.986)
Bucket[12 Fill]: 	              137 	 (0.007)
Bucket[13 Fill]: 	                0 	 (0.000)
Bucket[14 Fill]: 	                0 	 (0.000)
Bucket[15 Fill]: 	                0 	 (0.000)
Bucket[16 Fill]: 	                0 	 (0.000)


Distribution of Balls-in-Dest-Bucket on Ball-Insertion (Best-Of-2 Indexed-Buckets) => Spill-Count = Spills from Bucket-With-14-Balls

Balls-in-Dest-Bucket (k) 		 Spills from Bucket-With-k-Balls)
 0:				                8	 (0.001)
 1:				              103	 (0.010)
 2:				              933	 (0.093)
 3:				             5033	 (0.503)
 4:				            20307	 (2.031)
 5:				            64323	 (6.432)
 6:				           160946	 (16.095)
 7:				           287424	 (28.742)
 8:				           308947	 (30.895)
 9:				           137878	 (13.788)
10:				            13994	 (1.399)
11:				              104	 (0.010)
12:				                0	 (0.000)
13:				                0	 (0.000)
14:				                0	 (0.000)
15:				                0	 (0.000)

Spill Count: 0 (0.000)

Cuckoo Spill Count: 0 (0.000)
